// Jest Snapshot v1, https://goo.gl/fbAQLP

exports[`renders correctly 1`] = `
<Image
  source={
    {
      "testUri": "../../../src/assets/images/pokeball.png",
    }
  }
  style={
    {
      "height": 36,
      "width": 36,
    }
  }
/>
`;
