// Jest Snapshot v1, https://goo.gl/fbAQLP

exports[`renders correctly 1`] = `
<View
  style={
    {
      "backgroundColor": "#eeeeee",
      "borderRadius": 4,
      "paddingVertical": 2,
    }
  }
>
  <View
    style={
      {
        "flexDirection": "row",
        "paddingVertical": 2,
      }
    }
  >
    <View
      style={
        {
          "flex": 1,
          "flexDirection": "row",
          "justifyContent": "space-between",
          "paddingLeft": 8,
        }
      }
    >
      <Text
        style={
          {
            "color": "black",
            "fontSize": 14,
            "fontWeight": "700",
          }
        }
      >
        Test
      </Text>
      <Text
        style={
          {
            "color": "black",
            "fontSize": 14,
            "fontWeight": "700",
          }
        }
      >
        :
      </Text>
    </View>
    <View
      style={
        {
          "flex": 2,
          "paddingHorizontal": 8,
        }
      }
    >
      <Text
        style={
          {
            "color": "grey",
            "fontSize": 14,
            "fontWeight": "500",
          }
        }
      >
        Success
      </Text>
    </View>
  </View>
  <View
    style={
      {
        "backgroundColor": "#dddddd",
        "borderRadius": 100,
        "height": 0.5,
        "width": "100%",
      }
    }
  />
  <View
    style={
      {
        "flexDirection": "row",
        "paddingVertical": 2,
      }
    }
  >
    <View
      style={
        {
          "flex": 1,
          "flexDirection": "row",
          "justifyContent": "space-between",
          "paddingLeft": 8,
        }
      }
    >
      <Text
        style={
          {
            "color": "black",
            "fontSize": 14,
            "fontWeight": "700",
          }
        }
      >
        Test2
      </Text>
      <Text
        style={
          {
            "color": "black",
            "fontSize": 14,
            "fontWeight": "700",
          }
        }
      >
        :
      </Text>
    </View>
    <View
      style={
        {
          "flex": 2,
          "paddingHorizontal": 8,
        }
      }
    >
      <Text
        style={
          {
            "color": "grey",
            "fontSize": 14,
            "fontWeight": "500",
          }
        }
      >
        Success2
      </Text>
    </View>
  </View>
</View>
`;
