// Jest Snapshot v1, https://goo.gl/fbAQLP

exports[`renders correctly 1`] = `
<View
  style={
    {
      "alignItems": "center",
      "backgroundColor": "white",
      "flex": 1,
      "justifyContent": "center",
    }
  }
>
  <Text
    style={
      {
        "color": "grey",
        "fontSize": 12,
        "fontStyle": "italic",
      }
    }
  >
    Not found...
  </Text>
</View>
`;
