// Jest Snapshot v1, https://goo.gl/fbAQLP

exports[`renders correctly 1`] = `
<View
  style={
    {
      "flexDirection": "row",
      "paddingVertical": 2,
    }
  }
>
  <View
    style={
      {
        "flex": 1,
        "flexDirection": "row",
        "justifyContent": "space-between",
        "paddingLeft": 8,
      }
    }
  >
    <Text
      style={
        {
          "color": "black",
          "fontSize": 14,
          "fontWeight": "700",
        }
      }
    >
      Label
    </Text>
    <Text
      style={
        {
          "color": "black",
          "fontSize": 14,
          "fontWeight": "700",
        }
      }
    >
      :
    </Text>
  </View>
  <View
    style={
      {
        "flex": 2,
        "paddingHorizontal": 8,
      }
    }
  >
    <Text
      style={
        {
          "color": "grey",
          "fontSize": 14,
          "fontWeight": "500",
        }
      }
    >
      Value
    </Text>
  </View>
</View>
`;
