// Jest Snapshot v1, https://goo.gl/fbAQLP

exports[`renders correctly 1`] = `
<View
  style={
    {
      "backgroundColor": "#EEEEEE",
      "borderRadius": 4,
      "height": 55,
      "width": "100%",
    }
  }
/>
`;
