// Jest Snapshot v1, https://goo.gl/fbAQLP

exports[`renders correctly 1`] = `
<View
  accessibilityState={
    {
      "busy": undefined,
      "checked": undefined,
      "disabled": undefined,
      "expanded": undefined,
      "selected": undefined,
    }
  }
  accessibilityValue={
    {
      "max": undefined,
      "min": undefined,
      "now": undefined,
      "text": undefined,
    }
  }
  accessible={true}
  collapsable={false}
  focusable={true}
  onClick={[Function]}
  onResponderGrant={[Function]}
  onResponderMove={[Function]}
  onResponderRelease={[Function]}
  onResponderTerminate={[Function]}
  onResponderTerminationRequest={[Function]}
  onStartShouldSetResponder={[Function]}
  style={
    {
      "alignItems": "center",
      "backgroundColor": "white",
      "borderRadius": 4,
      "elevation": 3,
      "flexDirection": "row",
      "opacity": 1,
      "padding": 8,
      "shadowColor": "#000000",
      "shadowOffset": {
        "height": 2,
        "width": 0,
      },
      "shadowOpacity": 0.17,
      "shadowRadius": 2.54,
      "width": "49%",
    }
  }
>
  <Image
    source={
      {
        "testUri": "../../../src/assets/images/pokeball.png",
      }
    }
    style={
      {
        "height": 36,
        "width": 36,
      }
    }
  />
  <Text
    style={
      {
        "color": "black",
        "fontSize": 14,
        "fontWeight": "500",
        "marginLeft": 8,
      }
    }
  >
    Pokemon
  </Text>
</View>
`;
