// Jest Snapshot v1, https://goo.gl/fbAQLP

exports[`renders correctly 1`] = `
<View
  style={
    {
      "backgroundColor": "#dddddd",
      "borderRadius": 100,
      "height": 0.5,
      "width": "100%",
    }
  }
/>
`;
